// Jest Snapshot v1, https://goo.gl/fbAQLP

exports[`AbsenceList.tsx snapshot testing 1`] = `
<div
  className="ui relaxed divided list"
  id="absence-list"
>
  <div
    className="ui grid"
    id="absence-item"
  >
    <div
      className="three wide column"
    >
      <img
        alt="name 1"
        className="ui avatar image"
        id="member-image"
        src="image link"
      />
    </div>
    <div
      className="thirteen wide column"
    >
      <div
        className="content"
      >
        <div
          className="ui mini green label"
        >
          Confirmed
        </div>
        <span
          id="member-name"
        >
          name 1
        </span>
        <div
          className="description"
          id="member-description"
        >
          <i
            className="home icon"
          />
           
          <span
            id="absence-type"
          >
            vacation
          </span>
          <br />
          <i
            className="calendar alternate outline icon"
          />
           
          2020-12-12
           - 
          2020-12-12
          <br />
          Member Note: member note
          <br />
          Admitter Note: admitter note
        </div>
      </div>
    </div>
  </div>
  <div
    className="ui grid"
    id="absence-item"
  >
    <div
      className="three wide column"
    >
      <img
        alt="name 2"
        className="ui avatar image"
        id="member-image"
        src="image link"
      />
    </div>
    <div
      className="thirteen wide column"
    >
      <div
        className="content"
      >
        <div
          className="ui mini green label"
        >
          Confirmed
        </div>
        <span
          id="member-name"
        >
          name 2
        </span>
        <div
          className="description"
          id="member-description"
        >
          <i
            className="home icon"
          />
           
          <span
            id="absence-type"
          >
            vacation
          </span>
          <br />
          <i
            className="calendar alternate outline icon"
          />
           
          2020-12-12
           - 
          2020-12-12
          <br />
          Member Note: member note
          <br />
          Admitter Note: admitter note
        </div>
      </div>
    </div>
  </div>
</div>
`;
